main.c:85:5:main	24	static
main.c:184:6:SystemClock_Config	88	static
main.c:229:13:MX_I2C2_Init	8	static
main.c:263:13:MX_SPI1_Init	8	static
main.c:301:13:MX_TIM2_Init	64	static
main.c:364:13:MX_TIM3_Init	64	static
main.c:423:13:MX_TIM4_Init	48	static
main.c:494:13:MX_TIM6_Init	16	static
main.c:532:13:MX_TIM10_Init	40	static
main.c:578:13:MX_USART1_UART_Init	8	static
main.c:611:13:MX_GPIO_Init	48	static
main.c:659:6:HAL_TIM_PeriodElapsedCallback	16	static
main.c:672:6:HAL_TIM_IC_CaptureCallback	16	static
main.c:683:6:Error_Handler	4	static
